---
source: crates/amberfork/src/render.rs
assertion_line: 1017
expression: out
---
  A  good        ·  reference · 3 steps · pass
  B  good_again  ·  observed  · 3 steps · pass

  step 00  ·  tool   plan        search for census data                                       [sync]
  step 01  ·  tool   web.search  9 results, top census.gov                                    [sync]
  step 02  ·  tool   answer      population is 8,443,000                                      [sync]

  converged — identical through 3 steps
