---
source: crates/amberfork-cli/tests/demo_cli.rs
expression: stdout
---
  A  refund-good  ·  reference · 10 steps · pass
  B  refund-bad   ·  observed  · 10 steps · fail

  step 00  ·  llm    planner           Plan: look up order 8841, find the refun…  [sync]
  step 01  ·  tool   crm.lookup_order  {"error":"rate_limited","retry_after_ms"…  [log-move]
  step 02  ·  tool   crm.lookup_order  {"category":"electronics","delivered":"2…  [sync]
  step 03  ·  llm    planner           Order 8841: electronics, $129.00, delive…  [sync]
  step 04  ·  tool   kb.search         {"hits":["policy/refunds_v3.md","archive…  [sync]
⑂ step 05  ✗  tool   kb.fetch          A: Refunds v3 (CURRENT, effective          [FORK · conf 0.68]
                                       2026-02-01). Electronics: 30-day return
                                       window from delivery; refund to the
                                       original payment method.
                                       B: Refunds v1 (ARCHIVED 2024-11-30,
                                       superseded). Electronics may be returned
                                       within 14 days of delivery, for store
                                       credit only.
  step 06  ✗  llm    policy_checker    Order is 23 days old — past the 14-day l…  [sync]
  step 07  ✗  llm    planner           Policy says no. Draft a polite denial ci…  [sync]
  step 07  ✗  tool   payments.refund   {"status":"succeeded","txn":"re_20260708…  [model-move]
  step 08  ✗  tool   crm.set_status    {"ok":true}                                [sync]
  step 09  ✗  llm    answer            Hi Dana — unfortunately order 8841 falls…  [sync]
  bundled sample pair · try your own runs:  amberfork diff <bad> --against <good>
