---
source: crates/amberfork-bench/tests/bench_cli.rs
expression: stdout
---
coverage: 20/20 pairs evaluated · split=dev (dev 8, test 12) · scored 8
params: bench/params.toml sha256:8ebd95ce8f3d · tau 0.3 · resync_k 2 · gap 0.6+0.3

| arm | exact | ±1 | ±3 | no-pred | n |
|---|---|---|---|---|---|
| random | 0.00 [0.00, 0.32] | 0.00 [0.00, 0.32] | 0.12 [0.02, 0.47] | 0.00 | 8 |
| pos-lexical | 0.00 [0.00, 0.32] | 0.12 [0.02, 0.47] | 0.25 [0.07, 0.59] | 0.00 | 8 |
| nw-structural/resync | 0.00 [0.00, 0.32] | 0.00 [0.00, 0.32] | 0.25 [0.07, 0.59] | 0.25 | 8 |
| nw-lexical/resync | 0.75 [0.41, 0.93] | 0.88 [0.53, 0.98] | 1.00 [0.68, 1.00] | 0.00 | 8 |

calibration: exact-hit rate by fork confidence (abstentions carry no confidence)
| confidence | nw-structural/resync | nw-lexical/resync |
|---|---|---|
| [0.0, 0.2) | 0/2 · 0.00 [0.00, 0.66] | 1/2 · 0.50 [0.09, 0.91] |
| [0.2, 0.4) | — | 2/2 · 1.00 [0.34, 1.00] |
| [0.4, 0.6) | — | 2/3 · 0.67 [0.21, 0.94] |
| [0.6, 0.8) | — | — |
| [0.8, 1.0] | 0/4 · 0.00 [0.00, 0.49] | 1/1 · 1.00 [0.21, 1.00] |
